17:37:19.028  duplicate  5a5962a8dbea  documents/BH-D101_group_content_2026-01-19.txt  (same bytes as documents/BH-D101_group_content_2026-01-19.txt)
17:37:19.028  duplicate  49df839a0715  documents/BH-D102_original_attendance_2026-01-19.txt  (same bytes as documents/BH-D102_original_attendance_2026-01-19.txt)
17:37:19.028  duplicate  6e90bb7d77bb  documents/BH-D103_attendance_correction_2026-01-20.txt  (same bytes as documents/BH-D103_attendance_correction_2026-01-20.txt)
17:37:19.029  duplicate  ff8680de1981  documents/BH-D104_resent_roster_received_2026-01-26.txt  (same bytes as documents/BH-D104_resent_roster_received_2026-01-26.txt)
17:37:19.029  duplicate  e4c7e1c6ed93  documents/BH-D105_individual_2026-01-19.txt  (same bytes as documents/BH-D105_individual_2026-01-19.txt)
17:37:19.029  duplicate  b9158ab16c50  documents/BH-D106_telehealth_2026-01-21.txt  (same bytes as documents/BH-D106_telehealth_2026-01-21.txt)
17:37:19.030  duplicate  7943c47e4b17  documents/BH-D107_group_activity_records_2026-01-22_and_29.txt  (same bytes as documents/BH-D107_group_activity_records_2026-01-22_and_29.txt)
17:37:19.030  duplicate  030d45df5e32  documents/BH-D108_final_attendance_and_cancellation_register.txt  (same bytes as documents/BH-D108_final_attendance_and_cancellation_register.txt)
17:37:19.030  duplicate  d66ae1672d87  documents/BH-D109_care_coordination_2026-01-23.txt  (same bytes as documents/BH-D109_care_coordination_2026-01-23.txt)
17:37:19.031  duplicate  51ccfc0f6dcd  documents/BH-D110_individual_primary_record_2026-01-26.txt  (same bytes as documents/BH-D110_individual_primary_record_2026-01-26.txt)
17:37:19.031  duplicate  1146e767a569  documents/BH-D111_individual_second_record_2026-01-26.txt  (same bytes as documents/BH-D111_individual_second_record_2026-01-26.txt)
17:37:19.031  duplicate  321c63d7f6aa  documents/BH-D112_draft_note_and_charge_extract_2026-01-27.txt  (same bytes as documents/BH-D112_draft_note_and_charge_extract_2026-01-27.txt)
17:37:19.031  duplicate  faf8d0605570  documents/BH-D113_family_therapy_2026-01-30.txt  (same bytes as documents/BH-D113_family_therapy_2026-01-30.txt)
17:37:19.031  duplicate  c98b81f3cee8  documents/BH-D114_medication_management_2026-01-30.txt  (same bytes as documents/BH-D114_medication_management_2026-01-30.txt)
17:37:19.031  duplicate  8f842b632c7e  documents/BH-D115_symptom_measure_review_2026-01-30.txt  (same bytes as documents/BH-D115_symptom_measure_review_2026-01-30.txt)
17:37:19.031  duplicate  c5ba771551b8  documents/early_appointment_status_export.txt  (same bytes as documents/early_appointment_status_export.txt)
17:37:19.031  duplicate  b3f1ff4f6a15  documents/early_group_attendance_roster.txt  (same bytes as documents/early_group_attendance_roster.txt)
17:37:19.031  duplicate  a09c9b3263d0  documents/family_cofacilitator_jan09.txt  (same bytes as documents/family_cofacilitator_jan09.txt)
17:37:19.032  duplicate  0e1146675065  documents/family_primary_jan09.txt  (same bytes as documents/family_primary_jan09.txt)
17:37:19.032  duplicate  65058e301a13  documents/group_authorization_letter.txt  (same bytes as documents/group_authorization_letter.txt)
17:37:19.032  duplicate  c5a92d55e069  documents/group_cancellation_notice_jan15.txt  (same bytes as documents/group_cancellation_notice_jan15.txt)
17:37:19.032  duplicate  54ba37211e1d  documents/group_facilitator_jan06.txt  (same bytes as documents/group_facilitator_jan06.txt)
17:37:19.032  duplicate  7d1db7e11585  documents/group_facilitator_jan12.txt  (same bytes as documents/group_facilitator_jan12.txt)
17:37:19.032  duplicate  462ec9d069a0  documents/imported_measure_summary_received_jan26.txt  (same bytes as documents/imported_measure_summary_received_jan26.txt)
17:37:19.032  duplicate  a64a37568f11  documents/individual_therapy_jan14.txt  (same bytes as documents/individual_therapy_jan14.txt)
17:37:19.032  duplicate  4d45fd8d3e62  documents/intake_and_individual_jan05.txt  (same bytes as documents/intake_and_individual_jan05.txt)
17:37:19.032  duplicate  3cbc32cd91d9  documents/medication_review_jan13.txt  (same bytes as documents/medication_review_jan13.txt)
17:37:19.032  duplicate  ad66d95650f4  documents/missed_visit_outreach_jan08.txt  (same bytes as documents/missed_visit_outreach_jan08.txt)
17:37:19.032  duplicate  1a43d926e91e  documents/partner_collateral_jan16.txt  (same bytes as documents/partner_collateral_jan16.txt)
17:37:19.032  duplicate  3ab7566cda49  documents/signed_treatment_plan_jan05.txt  (same bytes as documents/signed_treatment_plan_jan05.txt)
17:37:19.032  duplicate  90a4c133add7  documents/symptom_measure_review_jan16.txt  (same bytes as documents/symptom_measure_review_jan16.txt)
17:37:19.033  Registered 31 files: 0 new, 31 already known. 0 need extraction.
17:37:19.317  Benchmarks written to output/benchmarks.md
